
=========================================
  TESTES AUTOMATIZADOS - MÓDULOS 4, 5, 9
=========================================

[33m[1/12][0m Testando autenticação...

[32m✅ PASS[0m: Login com credenciais admin

[33m[2/12][0m Obtendo IDs de referência...

[32m✅ PASS[0m: Listar profissionais e obter ID
[32m✅ PASS[0m: Listar escolas e obter ID
[32m✅ PASS[0m: Listar matrículas e obter ID

[33m[3/12][0m Testando CRUD de Ponto Digital...

[31m❌ FAIL[0m: POST /api/ponto - Criar registro
  ⚠️  {"error":"[object Object]"}
[31m❌ FAIL[0m: GET /api/ponto - Listar registros
  ⚠️  Total: 0

[33m[4/12][0m Testando CRUD de Licenças...

[31m❌ FAIL[0m: POST /api/licencas - Criar licença
  ⚠️  {"error":"[object Object]"}
[31m❌ FAIL[0m: GET /api/licencas - Listar licenças

=========================================
  RESUMO FINAL
=========================================

✅ Testes aprovados: 4/8
❌ Testes falhados: 4/8
📊 Taxa de sucesso: 50.0%

📄 Relatório completo salvo em: test-report.md

